---
source: tests/snapshots_test.rs
expression: "format!(\"{:#?}\", ast)"
---
Program {
    items: [
        Function(
            FunctionDef {
                name: "main",
                params: [],
                return_type: None,
                body: Block {
                    statements: [
                        Statement {
                            kind: VarDecl(
                                VarDecl {
                                    name: "values",
                                    var_type: Some(
                                        ByteArray(
                                            None,
                                        ),
                                    ),
                                    initializer: Some(
                                        Expr {
                                            kind: ArrayLiteral {
                                                elements: [
                                                    Expr {
                                                        kind: IntegerLiteral(
                                                            10,
                                                        ),
                                                        span: Span {
                                                            start: 159,
                                                            end: 161,
                                                        },
                                                    },
                                                    Expr {
                                                        kind: IntegerLiteral(
                                                            20,
                                                        ),
                                                        span: Span {
                                                            start: 163,
                                                            end: 165,
                                                        },
                                                    },
                                                    Expr {
                                                        kind: IntegerLiteral(
                                                            30,
                                                        ),
                                                        span: Span {
                                                            start: 167,
                                                            end: 169,
                                                        },
                                                    },
                                                    Expr {
                                                        kind: IntegerLiteral(
                                                            40,
                                                        ),
                                                        span: Span {
                                                            start: 171,
                                                            end: 173,
                                                        },
                                                    },
                                                    Expr {
                                                        kind: IntegerLiteral(
                                                            50,
                                                        ),
                                                        span: Span {
                                                            start: 175,
                                                            end: 177,
                                                        },
                                                    },
                                                ],
                                            },
                                            span: Span {
                                                start: 158,
                                                end: 178,
                                            },
                                        },
                                    ),
                                    array_size: None,
                                    span: Span {
                                        start: 141,
                                        end: 178,
                                    },
                                },
                            ),
                            span: Span {
                                start: 141,
                                end: 178,
                            },
                        },
                        Statement {
                            kind: VarDecl(
                                VarDecl {
                                    name: "x",
                                    var_type: Some(
                                        Byte,
                                    ),
                                    initializer: Some(
                                        Expr {
                                            kind: ArrayIndex {
                                                array: Expr {
                                                    kind: Identifier(
                                                        "values",
                                                    ),
                                                    span: Span {
                                                        start: 220,
                                                        end: 226,
                                                    },
                                                },
                                                index: Expr {
                                                    kind: IntegerLiteral(
                                                        0,
                                                    ),
                                                    span: Span {
                                                        start: 227,
                                                        end: 228,
                                                    },
                                                },
                                            },
                                            span: Span {
                                                start: 220,
                                                end: 229,
                                            },
                                        },
                                    ),
                                    array_size: None,
                                    span: Span {
                                        start: 210,
                                        end: 229,
                                    },
                                },
                            ),
                            span: Span {
                                start: 210,
                                end: 229,
                            },
                        },
                        Statement {
                            kind: VarDecl(
                                VarDecl {
                                    name: "y",
                                    var_type: Some(
                                        Byte,
                                    ),
                                    initializer: Some(
                                        Expr {
                                            kind: ArrayIndex {
                                                array: Expr {
                                                    kind: Identifier(
                                                        "values",
                                                    ),
                                                    span: Span {
                                                        start: 244,
                                                        end: 250,
                                                    },
                                                },
                                                index: Expr {
                                                    kind: IntegerLiteral(
                                                        2,
                                                    ),
                                                    span: Span {
                                                        start: 251,
                                                        end: 252,
                                                    },
                                                },
                                            },
                                            span: Span {
                                                start: 244,
                                                end: 253,
                                            },
                                        },
                                    ),
                                    array_size: None,
                                    span: Span {
                                        start: 234,
                                        end: 253,
                                    },
                                },
                            ),
                            span: Span {
                                start: 234,
                                end: 253,
                            },
                        },
                        Statement {
                            kind: VarDecl(
                                VarDecl {
                                    name: "z",
                                    var_type: Some(
                                        Byte,
                                    ),
                                    initializer: Some(
                                        Expr {
                                            kind: ArrayIndex {
                                                array: Expr {
                                                    kind: Identifier(
                                                        "values",
                                                    ),
                                                    span: Span {
                                                        start: 268,
                                                        end: 274,
                                                    },
                                                },
                                                index: Expr {
                                                    kind: IntegerLiteral(
                                                        4,
                                                    ),
                                                    span: Span {
                                                        start: 275,
                                                        end: 276,
                                                    },
                                                },
                                            },
                                            span: Span {
                                                start: 268,
                                                end: 277,
                                            },
                                        },
                                    ),
                                    array_size: None,
                                    span: Span {
                                        start: 258,
                                        end: 277,
                                    },
                                },
                            ),
                            span: Span {
                                start: 258,
                                end: 277,
                            },
                        },
                        Statement {
                            kind: Assignment(
                                Assignment {
                                    target: ArrayElement {
                                        name: "values",
                                        index: Expr {
                                            kind: IntegerLiteral(
                                                1,
                                            ),
                                            span: Span {
                                                start: 317,
                                                end: 318,
                                            },
                                        },
                                    },
                                    op: Assign,
                                    value: Expr {
                                        kind: IntegerLiteral(
                                            25,
                                        ),
                                        span: Span {
                                            start: 322,
                                            end: 324,
                                        },
                                    },
                                    span: Span {
                                        start: 310,
                                        end: 324,
                                    },
                                },
                            ),
                            span: Span {
                                start: 310,
                                end: 324,
                            },
                        },
                        Statement {
                            kind: Assignment(
                                Assignment {
                                    target: ArrayElement {
                                        name: "values",
                                        index: Expr {
                                            kind: IntegerLiteral(
                                                3,
                                            ),
                                            span: Span {
                                                start: 336,
                                                end: 337,
                                            },
                                        },
                                    },
                                    op: Assign,
                                    value: Expr {
                                        kind: IntegerLiteral(
                                            45,
                                        ),
                                        span: Span {
                                            start: 341,
                                            end: 343,
                                        },
                                    },
                                    span: Span {
                                        start: 329,
                                        end: 343,
                                    },
                                },
                            ),
                            span: Span {
                                start: 329,
                                end: 343,
                            },
                        },
                        Statement {
                            kind: VarDecl(
                                VarDecl {
                                    name: "buffer",
                                    var_type: Some(
                                        ByteArray(
                                            Some(
                                                10,
                                            ),
                                        ),
                                    ),
                                    initializer: None,
                                    array_size: Some(
                                        10,
                                    ),
                                    span: Span {
                                        start: 387,
                                        end: 403,
                                    },
                                },
                            ),
                            span: Span {
                                start: 387,
                                end: 403,
                            },
                        },
                        Statement {
                            kind: Assignment(
                                Assignment {
                                    target: ArrayElement {
                                        name: "buffer",
                                        index: Expr {
                                            kind: IntegerLiteral(
                                                0,
                                            ),
                                            span: Span {
                                                start: 415,
                                                end: 416,
                                            },
                                        },
                                    },
                                    op: Assign,
                                    value: Expr {
                                        kind: IntegerLiteral(
                                            1,
                                        ),
                                        span: Span {
                                            start: 420,
                                            end: 421,
                                        },
                                    },
                                    span: Span {
                                        start: 408,
                                        end: 421,
                                    },
                                },
                            ),
                            span: Span {
                                start: 408,
                                end: 421,
                            },
                        },
                        Statement {
                            kind: Assignment(
                                Assignment {
                                    target: ArrayElement {
                                        name: "buffer",
                                        index: Expr {
                                            kind: IntegerLiteral(
                                                9,
                                            ),
                                            span: Span {
                                                start: 433,
                                                end: 434,
                                            },
                                        },
                                    },
                                    op: Assign,
                                    value: Expr {
                                        kind: IntegerLiteral(
                                            255,
                                        ),
                                        span: Span {
                                            start: 438,
                                            end: 441,
                                        },
                                    },
                                    span: Span {
                                        start: 426,
                                        end: 441,
                                    },
                                },
                            ),
                            span: Span {
                                start: 426,
                                end: 441,
                            },
                        },
                    ],
                    span: Span {
                        start: 137,
                        end: 442,
                    },
                },
                span: Span {
                    start: 91,
                    end: 442,
                },
            },
        ),
    ],
}
